******************************************************************************
             TMS320C2000 Linker PC v22.6.0                     
******************************************************************************
>> Linked Tue May  6 14:24:17 2025

OUTPUT FILE NAME:   <../mcb_bldc_sixstep_f28069mLaunchPad.out>
ENTRY POINT SYMBOL: "_c_int00"  address: 003d9d85


MEMORY CONFIGURATION

         name            origin    length      used     unused   attr    fill
----------------------  --------  ---------  --------  --------  ----  --------
PAGE 0:
  BEGINRAM              00000000   00000002  00000000  00000002  RWIX
  PRAM                  00008000   00006000  00000535  00005acb  RWIX
  OTP                   003d7800   000003fa  00000000  000003fa  RWIX
  FLASH                 003d8000   0001fff0  000028f0  0001d700  RWIX
  BEGINFLASH            003f7ff6   00000002  00000002  00000000  RWIX
  CSM_PWL               003f7ff8   00000008  00000000  00000008  RWIX
  FPUTABLES             003fd590   000006a0  000006a0  00000000  RWIX
  IQTABLES              003fdc30   00000b50  00000000  00000b50  RWIX
  IQTABLES2             003fe780   0000008c  00000000  0000008c  RWIX
  IQTABLES3             003fe80c   000000aa  00000000  000000aa  RWIX
  BOOTROM               003ff3b0   00000c10  00000000  00000c10  RWIX
  RESET                 003fffc0   00000002  00000000  00000002  RWIX
  VECTORS               003fffc2   0000003e  00000000  0000003e  RWIX

PAGE 1:
  RAMM0M1               00000002   000007fe  00000400  000003fe  RWIX
  DEV_EMU               00000880   00000105  00000004  00000101  RWIX
  SYS_PWR_CTL           00000985   00000003  00000003  00000000  RWIX
  FLASH_REGS            00000a80   00000060  00000008  00000058  RWIX
  CSM                   00000ae0   00000020  00000010  00000010  RWIX
  ADC_RESULT            00000b00   00000020  00000010  00000010  RWIX
  CPU_TIMER0            00000c00   00000008  00000008  00000000  RWIX
  CPU_TIMER1            00000c08   00000008  00000008  00000000  RWIX
  CPU_TIMER2            00000c10   00000008  00000008  00000000  RWIX
  PIE_CTRL              00000ce0   00000020  0000001a  00000006  RWIX
  PIE_VECT              00000d00   00000100  00000100  00000000  RWIX
  DMA                   00001000   00000200  000000e0  00000120  RWIX
  CLA1                  00001400   00000080  00000040  00000040  RWIX
  USB0                  00004000   00001000  00000454  00000bac  RWIX
  McBSPA                00005000   00000040  00000024  0000001c  RWIX
  ECANA                 00006000   00000040  00000034  0000000c  RWIX
  ECANA_LAM             00006040   00000040  00000040  00000000  RWIX
  ECANA_MOTS            00006080   00000040  00000040  00000000  RWIX
  ECANA_MOTO            000060c0   00000040  00000040  00000000  RWIX
  ECANA_MBOX            00006100   00000100  00000100  00000000  RWIX
  COMP1                 00006400   00000020  00000014  0000000c  RWIX
  COMP2                 00006420   00000020  00000014  0000000c  RWIX
  COMP3                 00006440   00000020  00000014  0000000c  RWIX
  EPWM1                 00006800   00000040  00000040  00000000  RWIX
  EPWM2                 00006840   00000040  00000040  00000000  RWIX
  EPWM3                 00006880   00000040  00000040  00000000  RWIX
  EPWM4                 000068c0   00000040  00000040  00000000  RWIX
  EPWM5                 00006900   00000040  00000040  00000000  RWIX
  EPWM6                 00006940   00000040  00000040  00000000  RWIX
  EPWM7                 00006980   00000040  00000040  00000000  RWIX
  EPWM8                 000069c0   00000040  00000040  00000000  RWIX
  ECAP1                 00006a00   00000020  00000020  00000000  RWIX
  ECAP2                 00006a20   00000020  00000020  00000000  RWIX
  ECAP3                 00006a40   00000020  00000020  00000000  RWIX
  HRCAP1                00006ac0   00000020  00000020  00000000  RWIX
  HRCAP2                00006ae0   00000020  00000020  00000000  RWIX
  EQEP1                 00006b00   00000040  00000022  0000001e  RWIX
  EQEP2                 00006b40   00000040  00000022  0000001e  RWIX
  HRCAP3                00006c80   00000020  00000020  00000000  RWIX
  HRCAP4                00006ca0   00000020  00000020  00000000  RWIX
  GPIOCTRL              00006f80   00000040  00000040  00000000  RWIX
  GPIODAT               00006fc0   00000020  00000020  00000000  RWIX
  GPIOINT               00006fe0   00000020  00000020  00000000  RWIX
  SYSTEM                00007010   00000030  00000030  00000000  RWIX
  SPIA                  00007040   00000010  00000010  00000000  RWIX
  SCIA                  00007050   00000010  00000010  00000000  RWIX
  NMIINTRUPT            00007060   00000010  00000010  00000000  RWIX
  XINTRUPT              00007070   00000010  00000010  00000000  RWIX
  ADC                   00007100   00000080  00000050  00000030  RWIX
  SPIB                  00007740   00000010  00000010  00000000  RWIX
  SCIB                  00007750   00000010  00000010  00000000  RWIX
  I2CA                  00007900   00000040  00000022  0000001e  RWIX
  DRAM                  0000e000   00006000  0000029d  00005d63  RWIX
  PARTID                003d7e80   00000001  00000001  00000000  RWIX
  CSM_PWL               003f7ff8   00000008  00000008  00000000  RWIX


SECTION ALLOCATION MAP

 output                                  attributes/
section   page    origin      length       input sections
--------  ----  ----------  ----------   ----------------
DevEmuRegsFile 
*          1    00000880    00000004     UNINITIALIZED
                  00000880    00000004     F2806x_GlobalVariableDefs.obj (DevEmuRegsFile)

SysPwrCtrlRegsFile 
*          1    00000985    00000003     UNINITIALIZED
                  00000985    00000003     F2806x_GlobalVariableDefs.obj (SysPwrCtrlRegsFile)

FlashRegsFile 
*          1    00000a80    00000008     UNINITIALIZED
                  00000a80    00000008     F2806x_GlobalVariableDefs.obj (FlashRegsFile)

CsmRegsFile 
*          1    00000ae0    00000010     UNINITIALIZED
                  00000ae0    00000010     F2806x_GlobalVariableDefs.obj (CsmRegsFile)

AdcResultFile 
*          1    00000b00    00000010     UNINITIALIZED
                  00000b00    00000010     F2806x_GlobalVariableDefs.obj (AdcResultFile)

CpuTimer0RegsFile 
*          1    00000c00    00000008     UNINITIALIZED
                  00000c00    00000008     F2806x_GlobalVariableDefs.obj (CpuTimer0RegsFile)

CpuTimer1RegsFile 
*          1    00000c08    00000008     UNINITIALIZED
                  00000c08    00000008     F2806x_GlobalVariableDefs.obj (CpuTimer1RegsFile)

CpuTimer2RegsFile 
*          1    00000c10    00000008     UNINITIALIZED
                  00000c10    00000008     F2806x_GlobalVariableDefs.obj (CpuTimer2RegsFile)

PieCtrlRegsFile 
*          1    00000ce0    0000001a     UNINITIALIZED
                  00000ce0    0000001a     F2806x_GlobalVariableDefs.obj (PieCtrlRegsFile)

PieVectTableFile 
*          1    00000d00    00000100     UNINITIALIZED
                  00000d00    00000100     F2806x_GlobalVariableDefs.obj (PieVectTableFile)

EmuKeyVar 
*          1    00000d00    00000001     UNINITIALIZED
                  00000d00    00000001     F2806x_GlobalVariableDefs.obj (EmuKeyVar)

EmuBModeVar 
*          1    00000d01    00000001     UNINITIALIZED
                  00000d01    00000001     F2806x_GlobalVariableDefs.obj (EmuBModeVar)

FlashCallbackVar 
*          1    00000d02    00000002     UNINITIALIZED
                  00000d02    00000002     F2806x_GlobalVariableDefs.obj (FlashCallbackVar)

FlashScalingVar 
*          1    00000d04    00000002     UNINITIALIZED
                  00000d04    00000002     F2806x_GlobalVariableDefs.obj (FlashScalingVar)

DmaRegsFile 
*          1    00001000    000000e0     UNINITIALIZED
                  00001000    000000e0     F2806x_GlobalVariableDefs.obj (DmaRegsFile)

Cla1RegsFile 
*          1    00001400    00000040     UNINITIALIZED
                  00001400    00000040     F2806x_GlobalVariableDefs.obj (Cla1RegsFile)

Usb0RegsFile 
*          1    00004000    00000454     UNINITIALIZED
                  00004000    00000454     F2806x_GlobalVariableDefs.obj (Usb0RegsFile)

McbspaRegsFile 
*          1    00005000    00000024     UNINITIALIZED
                  00005000    00000024     F2806x_GlobalVariableDefs.obj (McbspaRegsFile)

ECanaRegsFile 
*          1    00006000    00000034     UNINITIALIZED
                  00006000    00000034     F2806x_GlobalVariableDefs.obj (ECanaRegsFile)

ECanaLAMRegsFile 
*          1    00006040    00000040     UNINITIALIZED
                  00006040    00000040     F2806x_GlobalVariableDefs.obj (ECanaLAMRegsFile)

ECanaMOTSRegsFile 
*          1    00006080    00000040     UNINITIALIZED
                  00006080    00000040     F2806x_GlobalVariableDefs.obj (ECanaMOTSRegsFile)

ECanaMOTORegsFile 
*          1    000060c0    00000040     UNINITIALIZED
                  000060c0    00000040     F2806x_GlobalVariableDefs.obj (ECanaMOTORegsFile)

ECanaMboxesFile 
*          1    00006100    00000100     UNINITIALIZED
                  00006100    00000100     F2806x_GlobalVariableDefs.obj (ECanaMboxesFile)

Comp1RegsFile 
*          1    00006400    00000014     UNINITIALIZED
                  00006400    00000014     F2806x_GlobalVariableDefs.obj (Comp1RegsFile)

Comp2RegsFile 
*          1    00006420    00000014     UNINITIALIZED
                  00006420    00000014     F2806x_GlobalVariableDefs.obj (Comp2RegsFile)

Comp3RegsFile 
*          1    00006440    00000014     UNINITIALIZED
                  00006440    00000014     F2806x_GlobalVariableDefs.obj (Comp3RegsFile)

EPwm1RegsFile 
*          1    00006800    00000040     UNINITIALIZED
                  00006800    00000040     F2806x_GlobalVariableDefs.obj (EPwm1RegsFile)

EPwm2RegsFile 
*          1    00006840    00000040     UNINITIALIZED
                  00006840    00000040     F2806x_GlobalVariableDefs.obj (EPwm2RegsFile)

EPwm3RegsFile 
*          1    00006880    00000040     UNINITIALIZED
                  00006880    00000040     F2806x_GlobalVariableDefs.obj (EPwm3RegsFile)

EPwm4RegsFile 
*          1    000068c0    00000040     UNINITIALIZED
                  000068c0    00000040     F2806x_GlobalVariableDefs.obj (EPwm4RegsFile)

EPwm5RegsFile 
*          1    00006900    00000040     UNINITIALIZED
                  00006900    00000040     F2806x_GlobalVariableDefs.obj (EPwm5RegsFile)

EPwm6RegsFile 
*          1    00006940    00000040     UNINITIALIZED
                  00006940    00000040     F2806x_GlobalVariableDefs.obj (EPwm6RegsFile)

EPwm7RegsFile 
*          1    00006980    00000040     UNINITIALIZED
                  00006980    00000040     F2806x_GlobalVariableDefs.obj (EPwm7RegsFile)

EPwm8RegsFile 
*          1    000069c0    00000040     UNINITIALIZED
                  000069c0    00000040     F2806x_GlobalVariableDefs.obj (EPwm8RegsFile)

ECap1RegsFile 
*          1    00006a00    00000020     UNINITIALIZED
                  00006a00    00000020     F2806x_GlobalVariableDefs.obj (ECap1RegsFile)

ECap2RegsFile 
*          1    00006a20    00000020     UNINITIALIZED
                  00006a20    00000020     F2806x_GlobalVariableDefs.obj (ECap2RegsFile)

ECap3RegsFile 
*          1    00006a40    00000020     UNINITIALIZED
                  00006a40    00000020     F2806x_GlobalVariableDefs.obj (ECap3RegsFile)

HRCap1RegsFile 
*          1    00006ac0    00000020     UNINITIALIZED
                  00006ac0    00000020     F2806x_GlobalVariableDefs.obj (HRCap1RegsFile)

HRCap2RegsFile 
*          1    00006ae0    00000020     UNINITIALIZED
                  00006ae0    00000020     F2806x_GlobalVariableDefs.obj (HRCap2RegsFile)

EQep1RegsFile 
*          1    00006b00    00000022     UNINITIALIZED
                  00006b00    00000022     F2806x_GlobalVariableDefs.obj (EQep1RegsFile)

EQep2RegsFile 
*          1    00006b40    00000022     UNINITIALIZED
                  00006b40    00000022     F2806x_GlobalVariableDefs.obj (EQep2RegsFile)

HRCap3RegsFile 
*          1    00006c80    00000020     UNINITIALIZED
                  00006c80    00000020     F2806x_GlobalVariableDefs.obj (HRCap3RegsFile)

HRCap4RegsFile 
*          1    00006ca0    00000020     UNINITIALIZED
                  00006ca0    00000020     F2806x_GlobalVariableDefs.obj (HRCap4RegsFile)

GpioCtrlRegsFile 
*          1    00006f80    00000040     UNINITIALIZED
                  00006f80    00000040     F2806x_GlobalVariableDefs.obj (GpioCtrlRegsFile)

GpioDataRegsFile 
*          1    00006fc0    00000020     UNINITIALIZED
                  00006fc0    00000020     F2806x_GlobalVariableDefs.obj (GpioDataRegsFile)

GpioIntRegsFile 
*          1    00006fe0    00000020     UNINITIALIZED
                  00006fe0    00000020     F2806x_GlobalVariableDefs.obj (GpioIntRegsFile)

SysCtrlRegsFile 
*          1    00007010    00000030     UNINITIALIZED
                  00007010    00000030     F2806x_GlobalVariableDefs.obj (SysCtrlRegsFile)

SpiaRegsFile 
*          1    00007040    00000010     UNINITIALIZED
                  00007040    00000010     F2806x_GlobalVariableDefs.obj (SpiaRegsFile)

SciaRegsFile 
*          1    00007050    00000010     UNINITIALIZED
                  00007050    00000010     F2806x_GlobalVariableDefs.obj (SciaRegsFile)

NmiIntruptRegsFile 
*          1    00007060    00000010     UNINITIALIZED
                  00007060    00000010     F2806x_GlobalVariableDefs.obj (NmiIntruptRegsFile)

XIntruptRegsFile 
*          1    00007070    00000010     UNINITIALIZED
                  00007070    00000010     F2806x_GlobalVariableDefs.obj (XIntruptRegsFile)

AdcRegsFile 
*          1    00007100    00000050     UNINITIALIZED
                  00007100    00000050     F2806x_GlobalVariableDefs.obj (AdcRegsFile)

SpibRegsFile 
*          1    00007740    00000010     UNINITIALIZED
                  00007740    00000010     F2806x_GlobalVariableDefs.obj (SpibRegsFile)

ScibRegsFile 
*          1    00007750    00000010     UNINITIALIZED
                  00007750    00000010     F2806x_GlobalVariableDefs.obj (ScibRegsFile)

I2caRegsFile 
*          1    00007900    00000022     UNINITIALIZED
                  00007900    00000022     F2806x_GlobalVariableDefs.obj (I2caRegsFile)

PartIdRegsFile 
*          1    003d7e80    00000001     UNINITIALIZED
                  003d7e80    00000001     F2806x_GlobalVariableDefs.obj (PartIdRegsFile)

CsmPwlFile 
*          1    003f7ff8    00000008     UNINITIALIZED
                  003f7ff8    00000008     F2806x_GlobalVariableDefs.obj (CsmPwlFile)

.text      0    003d8000    00002246     
                  003d8000    00000723     mcb_bldc_sixstep_f28069mLaunchPad.obj (.text)
                  003d8723    00000661     MW_c2000ISR.obj (.text)
                  003d8d84    0000039b     F2806x_DefaultIsr.obj (.text:retain)
                  003d911f    00000237     F2806x_Adc.obj (.text)
                  003d9356    00000194     DSP28xx_SciUtil.obj (.text)
                  003d94ea    0000018a     F2806x_SysCtrl.obj (.text)
                  003d9674    00000145     MW_c28xGPIO.obj (.text)
                  003d97b9    0000012f     mcb_bldc_sixstep_f28069mLaunchPad.obj (.text:retain)
                  003d98e8    0000011c     MW_c28xSPI.obj (.text)
                  003d9a04    000000cc     MW_SPI.obj (.text)
                  003d9ad0    000000be     MW_c28xx_adc.obj (.text)
                  003d9b8e    00000096     ert_main.obj (.text)
                  003d9c24    00000092     rt_nonfinite.obj (.text)
                  003d9cb6    00000076     F2806x_CpuTimers.obj (.text)
                  003d9d2c    00000059     rts2800_fpu32.lib : s_floorf.c.obj (.text)
                  003d9d85    00000056                       : boot28.asm.obj (.text)
                  003d9ddb    00000054     MW_c28xx_csl.obj (.text)
                  003d9e2f    0000004f     rts2800_fpu32_fast_supplement.lib : atan2_f32.obj (.text)
                  003d9e7e    0000004e     c2806xSchedulerTimer0.obj (.text)
                  003d9ecc    0000004a     c2806xSchedulerTimer0.obj (.text:retain)
                  003d9f16    0000004a     rts2800_fpu32_fast_supplement.lib : atan_f32.obj (.text)
                  003d9f60    00000044     rtGetInf.obj (.text)
                  003d9fa4    00000043     MW_c28xx_board.obj (.text)
                  003d9fe7    0000003b     MW_c28xx_qep.obj (.text)
                  003da022    00000034     c2806xBoard_Realtime_Support.obj (.text)
                  003da056    00000034     rts2800_fpu32_fast_supplement.lib : cos_f32.obj (.text)
                  003da08a    00000034                                       : sin_f32.obj (.text)
                  003da0be    0000002a     rtGetNaN.obj (.text)
                  003da0e8    00000029     MW_c28xx_pwm.obj (.text)
                  003da111    00000029     rts2800_fpu32.lib : exit.c.obj (.text)
                  003da13a    00000028     F2806x_PieCtrl.obj (.text)
                  003da162    00000026     F2806x_PieVect.obj (.text)
                  003da188    00000024     rts2800_fpu32.lib : cpy_tbl.c.obj (.text)
                  003da1ac    00000021     rts2800_fpu32_fast_supplement.lib : sqrt_f32.obj (.text)
                  003da1cd    0000001d     rts2800_fpu32.lib : memcpy.c.obj (.text)
                  003da1ea    00000019     rts2800_fpu32_fast_supplement.lib : div_f32.obj (.text)
                  003da203    00000014     MW_c28xGlobalInterrupts.obj (.text)
                  003da217    00000012     rts2800_fpu32.lib : args_main.c.obj (.text)
                  003da229    00000009                       : _lock.c.obj (.text)
                  003da232    00000008     F2806x_CodeStartBranch.obj (.text)
                  003da23a    00000007     rts2800_fpu32.lib : memset.c.obj (.text)
                  003da241    00000002     blapp_support.obj (.text)
                  003da243    00000002     rts2800_fpu32.lib : pre_init.c.obj (.text)
                  003da245    00000001                       : startup.c.obj (.text)

.bss       1    0000e000    00000000     UNINITIALIZED

.ebss      1    0000e000    0000029d     UNINITIALIZED
                  0000e000    00000246     mcb_bldc_sixstep_f28069mLaunchPad.obj (.ebss)
                  0000e246    00000018     F2806x_CpuTimers.obj (.ebss)
                  0000e25e    00000018     MW_c28xSPI.obj (.ebss:_mySpi)
                  0000e276    00000006     rts2800_fpu32.lib : exit.c.obj (.ebss)
                  0000e27c    00000004     DSP28xx_SciUtil.obj (.ebss)
                  0000e280    0000000c     rt_nonfinite.obj (.ebss)
                  0000e28c    00000004     MW_c28xSPI.obj (.ebss:_SPI_oneTimeInit)
                  0000e290    00000003     ert_main.obj (.ebss)
                  0000e293    00000001     MW_c28xGPIO.obj (.ebss)
                  0000e294    00000002     rts2800_fpu32.lib : _lock.c.obj (.ebss:__lock)
                  0000e296    00000002                       : _lock.c.obj (.ebss:__unlock)
                  0000e298    00000002     ert_main.obj (.ebss:_isRateRunning)
                  0000e29a    00000002     ert_main.obj (.ebss:_need2runFlags)
                  0000e29c    00000001     MW_c28xGlobalInterrupts.obj (.ebss)

.cinit     0    003da8b6    0000003b     
                  003da8b6    0000000e     rts2800_fpu32.lib : exit.c.obj (.cinit)
                  003da8c4    00000007     MW_c28xSPI.obj (.cinit:_SPI_oneTimeInit)
                  003da8cb    00000005     rts2800_fpu32.lib : _lock.c.obj (.cinit:__lock)
                  003da8d0    00000005                       : _lock.c.obj (.cinit:__unlock)
                  003da8d5    00000005     ert_main.obj (.cinit:_isRateRunning)
                  003da8da    00000005     ert_main.obj (.cinit:_need2runFlags)
                  003da8df    00000004     MW_c28xGPIO.obj (.cinit)
                  003da8e3    00000004     MW_c28xGlobalInterrupts.obj (.cinit)
                  003da8e7    00000004     ert_main.obj (.cinit)
                  003da8eb    00000004     mcb_bldc_sixstep_f28069mLaunchPad.obj (.cinit)
                  003da8ef    00000002     --HOLE-- [fill = 0]

.pinit     0    003d8000    00000000     UNINITIALIZED

.econst    0    003da77c    0000013a     
                  003da77c    00000100     F2806x_PieVect.obj (.econst:_PieVectTableInit)
                  003da87c    00000030     mcb_bldc_sixstep_f28069mLaunchPad_data.obj (.econst:_mcb_bldc_sixstep_f28069m_ConstP)
                  003da8ac    00000004     mcb_bldc_sixstep_f28069mLaunchPad_data.obj (.econst:_mcb_bldc_sixstep_f28069m_ConstB)
                  003da8b0    00000002     rtGetNaN.obj (.econst:_$P$T0$1)
                  003da8b2    00000002     mcb_bldc_sixstep_f28069mLaunchPad.obj (.econst)
                  003da8b4    00000002     rts2800_fpu32.lib : s_floorf.c.obj (.econst)

.reset     0    003fffc0    00000002     DSECT
                  003fffc0    00000002     rts2800_fpu32.lib : boot28.asm.obj (.reset)

.data      1    0000e000    00000000     UNINITIALIZED

.stack     1    00000002    00000400     UNINITIALIZED
                  00000002    00000400     --HOLE--

codestart 
*          0    003f7ff6    00000002     
                  003f7ff6    00000002     F2806x_CodeStartBranch.obj (codestart)

ramfuncs   0    003da246    00000535     RUN ADDR = 00008000
                  003da246    00000516     mcb_bldc_sixstep_f28069mLaunchPad.obj (ramfuncs)
                  003da75c    0000001b     F2806x_SysCtrl.obj (ramfuncs)
                  003da777    00000004     F2806x_usDelay.obj (ramfuncs)

FPUmathTables 
*          0    003fd590    000006a0     NOLOAD SECTION
                  003fd590    000006a0     rts2800_fpu32_fast_supplement.lib : FPUmathTables.obj (FPUmathTables)

MODULE SUMMARY

       Module                                       code    initialized data   uninitialized data
       ------                                       ----    ----------------   ------------------
    <current directory>
       mcb_bldc_sixstep_f28069mLaunchPad.obj        4734    6                  582               
       F2806x_GlobalVariableDefs.obj                0       0                  3550              
       MW_c2000ISR.obj                              1633    0                  0                 
       F2806x_DefaultIsr.obj                        923     0                  0                 
       F2806x_Adc.obj                               567     0                  0                 
       F2806x_SysCtrl.obj                           448     0                  0                 
       DSP28xx_SciUtil.obj                          404     0                  4                 
       MW_c28xGPIO.obj                              325     4                  1                 
       MW_c28xSPI.obj                               284     7                  28                
       F2806x_PieVect.obj                           38      256                0                 
       MW_SPI.obj                                   204     0                  0                 
       MW_c28xx_adc.obj                             190     0                  0                 
       ert_main.obj                                 150     14                 7                 
       rt_nonfinite.obj                             146     0                  12                
       c2806xSchedulerTimer0.obj                    152     0                  0                 
       F2806x_CpuTimers.obj                         118     0                  24                
       MW_c28xx_csl.obj                             84      0                  0                 
       rtGetInf.obj                                 68      0                  0                 
       MW_c28xx_board.obj                           67      0                  0                 
       MW_c28xx_qep.obj                             59      0                  0                 
       c2806xBoard_Realtime_Support.obj             52      0                  0                 
       mcb_bldc_sixstep_f28069mLaunchPad_data.obj   0       52                 0                 
       rtGetNaN.obj                                 42      2                  0                 
       MW_c28xx_pwm.obj                             41      0                  0                 
       F2806x_PieCtrl.obj                           40      0                  0                 
       MW_c28xGlobalInterrupts.obj                  20      4                  1                 
       F2806x_CodeStartBranch.obj                   10      0                  0                 
       F2806x_usDelay.obj                           8       0                  0                 
       blapp_support.obj                            2       0                  0                 
    +--+--------------------------------------------+-------+------------------+--------------------+
       Total:                                       10809   345                4209              
                                                                                                 
    C:/ProgramData/MATLAB/tic2000/3P.instrset/tic28xcodegentools.instrset/ti-cgt-c2000_22.6.0.LTS/lib/rts2800_fpu32.lib
       s_floorf.c.obj                               89      2                  0                 
       boot28.asm.obj                               86      0                  0                 
       exit.c.obj                                   41      14                 6                 
       cpy_tbl.c.obj                                36      0                  0                 
       memcpy.c.obj                                 29      0                  0                 
       _lock.c.obj                                  9       10                 4                 
       args_main.c.obj                              18      0                  0                 
       memset.c.obj                                 7       0                  0                 
       pre_init.c.obj                               2       0                  0                 
       startup.c.obj                                1       0                  0                 
    +--+--------------------------------------------+-------+------------------+--------------------+
       Total:                                       318     26                 10                
                                                                                                 
    D:/TiC2000_Install/ControlSUITE/controlSUITE/libs/math/FPUfastRTS/V100/lib/rts2800_fpu32_fast_supplement.lib
       FPUmathTables.obj                            0       1696               0                 
       atan2_f32.obj                                79      0                  0                 
       atan_f32.obj                                 74      0                  0                 
       cos_f32.obj                                  52      0                  0                 
       sin_f32.obj                                  52      0                  0                 
       sqrt_f32.obj                                 33      0                  0                 
       div_f32.obj                                  25      0                  0                 
    +--+--------------------------------------------+-------+------------------+--------------------+
       Total:                                       315     1696               0                 
                                                                                                 
       Stack:                                       0       0                  1024              
    +--+--------------------------------------------+-------+------------------+--------------------+
       Grand Total:                                 11442   2067               5243              


GLOBAL DATA SYMBOLS: SORTED BY DATA PAGE

address     data page           name
--------    ----------------    ----
00000002       0 (00000000)     __stack

00000880      22 (00000880)     _DevEmuRegs

00000985      26 (00000980)     _SysPwrCtrlRegs

00000a80      2a (00000a80)     _FlashRegs

00000ae0      2b (00000ac0)     _CsmRegs

00000b00      2c (00000b00)     _AdcResult

00000c00      30 (00000c00)     _CpuTimer0Regs
00000c08      30 (00000c00)     _CpuTimer1Regs
00000c10      30 (00000c00)     _CpuTimer2Regs

00000ce0      33 (00000cc0)     _PieCtrlRegs

00000d00      34 (00000d00)     _EmuKey
00000d00      34 (00000d00)     _PieVectTable
00000d01      34 (00000d00)     _EmuBMode
00000d02      34 (00000d00)     _Flash_CallbackPtr
00000d04      34 (00000d00)     _Flash_CPUScaleFactor

00001000      40 (00001000)     _DmaRegs

00001400      50 (00001400)     _Cla1Regs

00004000     100 (00004000)     _Usb0Regs

00005000     140 (00005000)     _McbspaRegs

00006000     180 (00006000)     _ECanaRegs

00006040     181 (00006040)     _ECanaLAMRegs

00006080     182 (00006080)     _ECanaMOTSRegs

000060c0     183 (000060c0)     _ECanaMOTORegs

00006100     184 (00006100)     _ECanaMboxes

00006400     190 (00006400)     _Comp1Regs
00006420     190 (00006400)     _Comp2Regs

00006440     191 (00006440)     _Comp3Regs

00006800     1a0 (00006800)     _EPwm1Regs

00006840     1a1 (00006840)     _EPwm2Regs

00006880     1a2 (00006880)     _EPwm3Regs

000068c0     1a3 (000068c0)     _EPwm4Regs

00006900     1a4 (00006900)     _EPwm5Regs

00006940     1a5 (00006940)     _EPwm6Regs

00006980     1a6 (00006980)     _EPwm7Regs

000069c0     1a7 (000069c0)     _EPwm8Regs

00006a00     1a8 (00006a00)     _ECap1Regs
00006a20     1a8 (00006a00)     _ECap2Regs

00006a40     1a9 (00006a40)     _ECap3Regs

00006ac0     1ab (00006ac0)     _HRCap1Regs
00006ae0     1ab (00006ac0)     _HRCap2Regs

00006b00     1ac (00006b00)     _EQep1Regs

00006b40     1ad (00006b40)     _EQep2Regs

00006c80     1b2 (00006c80)     _HRCap3Regs
00006ca0     1b2 (00006c80)     _HRCap4Regs

00006f80     1be (00006f80)     _GpioCtrlRegs

00006fc0     1bf (00006fc0)     _GpioDataRegs
00006fe0     1bf (00006fc0)     _GpioIntRegs

00007010     1c0 (00007000)     _SysCtrlRegs

00007040     1c1 (00007040)     _SpiaRegs
00007050     1c1 (00007040)     _SciaRegs
00007060     1c1 (00007040)     _NmiIntruptRegs
00007070     1c1 (00007040)     _XIntruptRegs

00007100     1c4 (00007100)     _AdcRegs

00007740     1dd (00007740)     _SpibRegs
00007750     1dd (00007740)     _ScibRegs

00007900     1e4 (00007900)     _I2caRegs

0000e000     380 (0000e000)     _mcb_bldc_sixstep_PrevZCSigState
0000e001     380 (0000e000)     _MW_adcInitFlag

0000e040     381 (0000e040)     _mcb_bldc_sixstep_f28069mL_DWork

0000e0c0     383 (0000e0c0)     _mcb_bldc_sixstep_f28069mLaunc_B

0000e246     389 (0000e240)     _CpuTimer0
0000e24e     389 (0000e240)     _CpuTimer1
0000e256     389 (0000e240)     _CpuTimer2
0000e25e     389 (0000e240)     _mySpi
0000e276     389 (0000e240)     ___TI_enable_exit_profile_output
0000e278     389 (0000e240)     ___TI_cleanup_ptr
0000e27a     389 (0000e240)     ___TI_dtors_ptr
0000e27c     389 (0000e240)     _checkSCITransmitInProgressA
0000e27d     389 (0000e240)     _frameA1Transmitted
0000e27e     389 (0000e240)     _frameA1Count

0000e280     38a (0000e280)     _rtInf
0000e282     38a (0000e280)     _rtMinusInf
0000e284     38a (0000e280)     _rtNaN
0000e286     38a (0000e280)     _rtInfF
0000e288     38a (0000e280)     _rtMinusInfF
0000e28a     38a (0000e280)     _rtNaNF
0000e28c     38a (0000e280)     _SPI_oneTimeInit
0000e290     38a (0000e280)     _IsrOverrun
0000e291     38a (0000e280)     _stopRequested
0000e292     38a (0000e280)     _runModel
0000e293     38a (0000e280)     _GPIO_oneTimeInit
0000e294     38a (0000e280)     __lock
0000e296     38a (0000e280)     __unlock
0000e298     38a (0000e280)     _isRateRunning
0000e29a     38a (0000e280)     _need2runFlags
0000e29c     38a (0000e280)     _MW_InterruptDisableLock

003d7e80    f5fa (003d7e80)     _PartIdRegs

003da77c    f69d (003da740)     _PieVectTableInit

003da87c    f6a1 (003da840)     _mcb_bldc_sixstep_f28069m_ConstP

003da8ac    f6a2 (003da880)     _mcb_bldc_sixstep_f28069m_ConstB
003da8b2    f6a2 (003da880)     _mcb_bldc_sixstep_f28069mLaun_M

003f7ff8    fdff (003f7fc0)     _CsmPwl

003fd590    ff56 (003fd580)     _FPUsinTable

003fd690    ff5a (003fd680)     _FPUcosTable

003fd990    ff66 (003fd980)     _FPUsinTableEnd

003fda92    ff6a (003fda80)     _FPUatan2HalfPITable
003fda92    ff6a (003fda80)     _FPUcosTableEnd
003fda96    ff6a (003fda80)     _FPUatan2Table

003fdc1c    ff70 (003fdc00)     _FPUatan2TableEnd


GLOBAL SYMBOLS: SORTED ALPHABETICALLY BY Name 

page  address   name                                                       
----  -------   ----                                                       
1     0000e000  .bss                                                       
1     0000e000  .data                                                      
0     003d8000  .text                                                      
0     003da111  C$$EXIT                                                    
0     003da1ea  FS$$DIV                                                    
0     003d97b9  _ADCINT1                                                   
0     003d8e42  _ADCINT1_ISR                                               
0     003d8e4c  _ADCINT2_ISR                                               
0     003d9054  _ADCINT3_ISR                                               
0     003d905e  _ADCINT4_ISR                                               
0     003d9068  _ADCINT5_ISR                                               
0     003d9072  _ADCINT6_ISR                                               
0     003d907c  _ADCINT7_ISR                                               
0     003d9086  _ADCINT8_ISR                                               
0     003d8e6a  _ADCINT9_ISR                                               
0     003d9191  _AdcChanSelect                                             
0     003d9206  _AdcConversion                                             
0     003d916a  _AdcOffsetSelfCal                                          
1     00007100  _AdcRegs                                                   
1     00000b00  _AdcResult                                                 
0     003d9090  _CLA1_INT1_ISR                                             
0     003d909a  _CLA1_INT2_ISR                                             
0     003d90a4  _CLA1_INT3_ISR                                             
0     003d90ae  _CLA1_INT4_ISR                                             
0     003d90b8  _CLA1_INT5_ISR                                             
0     003d90c2  _CLA1_INT6_ISR                                             
0     003d90cc  _CLA1_INT7_ISR                                             
0     003d90d6  _CLA1_INT8_ISR                                             
1     00001400  _Cla1Regs                                                  
1     00006400  _Comp1Regs                                                 
1     00006420  _Comp2Regs                                                 
1     00006440  _Comp3Regs                                                 
0     003d9cf1  _ConfigCpuTimer                                            
1     0000e246  _CpuTimer0                                                 
1     00000c00  _CpuTimer0Regs                                             
1     0000e24e  _CpuTimer1                                                 
1     00000c08  _CpuTimer1Regs                                             
1     0000e256  _CpuTimer2                                                 
1     00000c10  _CpuTimer2Regs                                             
1     003f7ff8  _CsmPwl                                                    
1     00000ae0  _CsmRegs                                                   
0     003d95ee  _CsmUnlock                                                 
0     003d8d98  _DATALOG_ISR                                               
0     003d8fc8  _DINTCH1_ISR                                               
0     003d8fd2  _DINTCH2_ISR                                               
0     003d8fdc  _DINTCH3_ISR                                               
0     003d8fe6  _DINTCH4_ISR                                               
0     003d8ff0  _DINTCH5_ISR                                               
0     003d8ffa  _DINTCH6_ISR                                               
0     00008531  _DSP28x_usDelay                                            
1     00000880  _DevEmuRegs                                                
0     003d950e  _DisableDog                                                
1     00001000  _DmaRegs                                                   
0     003d9040  _ECAN0INTA_ISR                                             
0     003d904a  _ECAN1INTA_ISR                                             
0     003d8f28  _ECAP1_INT_ISR                                             
0     003d8f32  _ECAP2_INT_ISR                                             
0     003d8f3c  _ECAP3_INT_ISR                                             
1     00006040  _ECanaLAMRegs                                              
1     000060c0  _ECanaMOTORegs                                             
1     00006080  _ECanaMOTSRegs                                             
1     00006100  _ECanaMboxes                                               
1     00006000  _ECanaRegs                                                 
1     00006a00  _ECap1Regs                                                 
1     00006a20  _ECap2Regs                                                 
1     00006a40  _ECap3Regs                                                 
0     003d90fe  _EMPTY_ISR                                                 
0     003d8dac  _EMUINT_ISR                                                
0     003d8ed8  _EPWM1_INT_ISR                                             
0     003d8e88  _EPWM1_TZINT_ISR                                           
0     003d8ee2  _EPWM2_INT_ISR                                             
0     003d8e92  _EPWM2_TZINT_ISR                                           
0     003d8eec  _EPWM3_INT_ISR                                             
0     003d8e9c  _EPWM3_TZINT_ISR                                           
0     003d8ef6  _EPWM4_INT_ISR                                             
0     003d8ea6  _EPWM4_TZINT_ISR                                           
0     003d8f00  _EPWM5_INT_ISR                                             
0     003d8eb0  _EPWM5_TZINT_ISR                                           
0     003d8f0a  _EPWM6_INT_ISR                                             
0     003d8eba  _EPWM6_TZINT_ISR                                           
0     003d8f14  _EPWM7_INT_ISR                                             
0     003d8ec4  _EPWM7_TZINT_ISR                                           
0     003d8f1e  _EPWM8_INT_ISR                                             
0     003d8ece  _EPWM8_TZINT_ISR                                           
1     00006800  _EPwm1Regs                                                 
1     00006840  _EPwm2Regs                                                 
1     00006880  _EPwm3Regs                                                 
1     000068c0  _EPwm4Regs                                                 
1     00006900  _EPwm5Regs                                                 
1     00006940  _EPwm6Regs                                                 
1     00006980  _EPwm7Regs                                                 
1     000069c0  _EPwm8Regs                                                 
0     003d8f5a  _EQEP1_INT_ISR                                             
0     003d8f64  _EQEP2_INT_ISR                                             
1     00006b00  _EQep1Regs                                                 
1     00006b40  _EQep2Regs                                                 
1     00000d01  _EmuBMode                                                  
1     00000d00  _EmuKey                                                    
0     003da159  _EnableInterrupts                                          
0     003d965e  _ExtOscSel                                                 
0     003fda92  _FPUatan2HalfPITable                                       
0     003fda96  _FPUatan2Table                                             
0     003fdc1c  _FPUatan2TableEnd                                          
0     003fd690  _FPUcosTable                                               
0     003fda92  _FPUcosTableEnd                                            
0     003fd590  _FPUsinTable                                               
0     003fd990  _FPUsinTableEnd                                            
1     00000a80  _FlashRegs                                                 
1     00000d04  _Flash_CPUScaleFactor                                      
1     00000d02  _Flash_CallbackPtr                                         
0     003d975f  _GPIO_ReadPin                                              
0     003d96ac  _GPIO_SetupPinMux                                          
0     003d96ea  _GPIO_SetupPinOptions                                      
0     003d9794  _GPIO_TogglePin                                            
0     003d9776  _GPIO_WritePin                                             
1     0000e293  _GPIO_oneTimeInit                                          
1     00006f80  _GpioCtrlRegs                                              
1     00006fc0  _GpioDataRegs                                              
1     00006fe0  _GpioIntRegs                                               
0     003d8f46  _HRCAP1_INT_ISR                                            
0     003d8f50  _HRCAP2_INT_ISR                                            
0     003d8f6e  _HRCAP3_INT_ISR                                            
0     003d8f78  _HRCAP4_INT_ISR                                            
1     00006ac0  _HRCap1Regs                                                
1     00006ae0  _HRCap2Regs                                                
1     00006c80  _HRCap3Regs                                                
1     00006ca0  _HRCap4Regs                                                
0     003d8d67  _HWI_TIC28x_AcknowledgeIrq                                 
0     003d8723  _HWI_TIC28x_ConfigureIRQ                                   
0     003d896e  _HWI_TIC28x_DisableIRQ                                     
0     003d8735  _HWI_TIC28x_EnableIRQ                                      
0     003d8bbe  _HWI_TIC28x_EnablePendingIRQ                               
0     003d9004  _I2CINT1A_ISR                                              
0     003d900e  _I2CINT2A_ISR                                              
1     00007900  _I2caRegs                                                  
0     003d8dc0  _ILLEGAL_ISR                                               
0     003d8d84  _INT13_ISR                                                 
0     003d8d8e  _INT14_ISR                                                 
0     003d911f  _InitAdc                                                   
0     003d9148  _InitAdcAio                                                
0     003d9cb6  _InitCpuTimers                                             
0     00008516  _InitFlash                                                 
0     003d967f  _InitGpio                                                  
0     003d9598  _InitPeripheralClocks                                      
0     003da13a  _InitPieCtrl                                               
0     003da162  _InitPieVectTable                                          
0     003d9516  _InitPll                                                   
0     003d956a  _InitPll2                                                  
0     003d94ea  _InitSysCtrl                                               
0     003d961f  _IntOsc1Sel                                                
0     003d962f  _IntOsc2Sel                                                
1     0000e290  _IsrOverrun                                                
0     003d90f4  _LUF_ISR                                                   
0     003d90ea  _LVF_ISR                                                   
0     003d8fb4  _MRINTA_ISR                                                
1     0000e29c  _MW_InterruptDisableLock                                   
0     003d9acb  _MW_SPI_Close                                              
0     003d9ac6  _MW_SPI_GetStatus                                          
0     003d9a76  _MW_SPI_MasterWriteRead_8bits                              
0     003d9a04  _MW_SPI_Open                                               
0     003d9a69  _MW_SPI_SetBusSpeed                                        
0     003d9a1a  _MW_SPI_SetFormat                                          
0     003d9a6f  _MW_SPI_SetSlaveSelect                                     
0     003d9abf  _MW_SPI_SlaveWriteRead_8bits                               
1     0000e001  _MW_adcInitFlag                                            
0     003d8fbe  _MXINTA_ISR                                                
1     00005000  _McbspaRegs                                                
0     003d8db6  _NMI_ISR                                                   
1     00007060  _NmiIntruptRegs                                            
0     003d9674  _OneTimeGpioInit                                           
0     003d910b  _PIE_RESERVED                                              
1     003d7e80  _PartIdRegs                                                
1     00000ce0  _PieCtrlRegs                                               
1     00000d00  _PieVectTable                                              
0     003da77c  _PieVectTableInit                                          
0     003d8da2  _RTOSINT_ISR                                               
0     003da77b  _RamfuncsLoadEnd                                           
0     003da246  _RamfuncsLoadStart                                         
0     00008000  _RamfuncsRunStart                                          
0     003d9835  _SCIRXINTA                                                 
0     003d9018  _SCIRXINTA_ISR                                             
0     003d902c  _SCIRXINTB_ISR                                             
0     003d9022  _SCITXINTA_ISR                                             
0     003d9036  _SCITXINTB_ISR                                             
0     003d8f8c  _SPIRXINTA_ISR                                             
0     003d8fa0  _SPIRXINTB_ISR                                             
0     003d8f96  _SPITXINTA_ISR                                             
0     003d8faa  _SPITXINTB_ISR                                             
0     003d999f  _SPI_clockFormat                                           
0     003d98e8  _SPI_init                                                  
1     0000e28c  _SPI_oneTimeInit                                           
0     003d99ba  _SPI_status                                                
1     00007050  _SciaRegs                                                  
1     00007750  _ScibRegs                                                  
0     003d9504  _ServiceDog                                                
0     003d97ab  _Set_GPIOPin                                               
1     00007040  _SpiaRegs                                                  
1     00007740  _SpibRegs                                                  
1     00007010  _SysCtrlRegs                                               
1     00000985  _SysPwrCtrlRegs                                            
0     003d8e74  _TINT0_ISR                                                 
0     003d9ecc  _TINT0_isr                                                 
0     003d8f82  _USB0_INT_ISR                                              
0     003d8e24  _USER10_ISR                                                
0     003d8e2e  _USER11_ISR                                                
0     003d8e38  _USER12_ISR                                                
0     003d8dca  _USER1_ISR                                                 
0     003d8dd4  _USER2_ISR                                                 
0     003d8dde  _USER3_ISR                                                 
0     003d8de8  _USER4_ISR                                                 
0     003d8df2  _USER5_ISR                                                 
0     003d8dfc  _USER6_ISR                                                 
0     003d8e06  _USER7_ISR                                                 
0     003d8e10  _USER8_ISR                                                 
0     003d8e1a  _USER9_ISR                                                 
1     00004000  _Usb0Regs                                                  
0     003d8e7e  _WAKEINT_ISR                                               
0     003d8e56  _XINT1_ISR                                                 
0     003d8e60  _XINT2_ISR                                                 
0     003d90e0  _XINT3_ISR                                                 
1     00007070  _XIntruptRegs                                              
0     003d9643  _XtalOscSel                                                
1     00000402  __STACK_END                                                
abs   00000400  __STACK_SIZE                                               
1     0000e278  ___TI_cleanup_ptr                                          
1     0000e27a  ___TI_dtors_ptr                                            
1     0000e276  ___TI_enable_exit_profile_output                           
abs   ffffffff  ___TI_pprof_out_hndl                                       
abs   ffffffff  ___TI_prof_data_size                                       
abs   ffffffff  ___TI_prof_data_start                                      
abs   ffffffff  ___binit__                                                 
1     0000e000  ___bss__                                                   
abs   ffffffff  ___c_args__                                                
0     003da8b6  ___cinit__                                                 
1     0000e000  ___data__                                                  
1     0000e000  ___edata__                                                 
1     0000e000  ___end__                                                   
0     003da246  ___etext__                                                 
abs   ffffffff  ___pinit__                                                 
0     003d8000  ___text__                                                  
0     003da217  __args_main                                                
1     0000e294  __lock                                                     
0     003da231  __nop                                                      
0     003da22d  __register_lock                                            
0     003da229  __register_unlock                                          
1     00000002  __stack                                                    
0     003da245  __system_post_cinit                                        
0     003da243  __system_pre_init                                          
1     0000e296  __unlock                                                   
0     003da111  _abort                                                     
0     003d9f16  _atan                                                      
0     003d9e2f  _atan2                                                     
0     003da03e  _atan2f                                                    
0     003da037  _atanf                                                     
0     003da241  _bootloaderBackgroundTask                                  
0     003da242  _bootloaderInit                                            
0     003da047  _c2000_flash_init                                          
0     003d9d85  _c_int00                                                   
1     0000e27c  _checkSCITransmitInProgressA                               
0     003d9b28  _config_ADC_SOC0_SOC1                                      
0     003d9b56  _config_ADC_SOC2                                           
0     003d9afb  _config_ADC_SOC3                                           
0     003d9ad0  _config_ADC_SOC4_SOC5                                      
0     003d9fe7  _config_QEP_eQEP1                                          
0     003da110  _config_ePWMSyncSource                                     
0     003da0e8  _config_ePWM_GPIO                                          
0     003da108  _config_ePWM_TBSync                                        
0     003d9e7e  _configureTimer0                                           
0     003da188  _copy_in                                                   
0     003da056  _cos                                                       
0     003da022  _cosf                                                      
0     003d9eab  _disableTimer0Interrupt                                    
0     003d9ddb  _disableWatchdog                                           
0     003d9ea3  _enableTimer0Interrupt                                     
0     003da113  _exit                                                      
0     003d9d2c  _floor                                                     
0     003d9d2c  _floorf                                                    
1     0000e27e  _frameA1Count                                              
1     0000e27d  _frameA1Transmitted                                        
0     003da20f  _globalInterruptDisable                                    
0     003da203  _globalInterruptEnable                                     
0     003d9de6  _init_SCI                                                  
0     003d94e2  _init_SCIFrame                                             
0     003d9e1b  _init_SCI_GPIO                                             
0     003d9fa4  _init_board                                                
1     0000e298  _isRateRunning                                             
0     003d9bd3  _main                                                      
0     003d8271  _mcb__SPIMasterTransfer_Init                               
0     003d82bf  _mcb__SPIMasterTransfer_Term                               
0     003d8267  _mcb_bl_CurrentControl_Reset                               
0     003d80fd  _mcb_bld_CurrentControl_Init                               
0     003d829a  _mcb_bldc__SPIMasterTransfer                               
0     003d82db  _mcb_bldc__SpeedControl_Init                               
0     00008000  _mcb_bldc_six_CurrentControl                               
0     003d80c6  _mcb_bldc_sixst_HallValueof1                               
0     003d80d0  _mcb_bldc_sixst_HallValueof2                               
0     003d80da  _mcb_bldc_sixst_HallValueof3                               
0     003d80e2  _mcb_bldc_sixst_HallValueof4                               
0     003d80ec  _mcb_bldc_sixst_HallValueof5                               
0     003d80f6  _mcb_bldc_sixst_HallValueof7                               
0     003d82eb  _mcb_bldc_sixst_SpeedControl                               
0     003d808c  _mcb_bldc_sixstep_BitExtract                               
1     0000e000  _mcb_bldc_sixstep_PrevZCSigState                           
1     0000e040  _mcb_bldc_sixstep_f28069mL_DWork                           
0     003da8b2  _mcb_bldc_sixstep_f28069mLaun_M                            
1     0000e0c0  _mcb_bldc_sixstep_f28069mLaunc_B                           
0     003d8000  _mcb_bldc_sixstep_f28069mLaunchPad_SetEventsForThisBaseStep
0     003d8709  _mcb_bldc_sixstep_f28069mLaunchPad_configure_interrupts    
0     003d84d2  _mcb_bldc_sixstep_f28069mLaunchPad_initialize              
0     003d8488  _mcb_bldc_sixstep_f28069mLaunchPad_step0                   
0     003d84cd  _mcb_bldc_sixstep_f28069mLaunchPad_step1                   
0     003d8700  _mcb_bldc_sixstep_f28069mLaunchPad_terminate               
0     003d871c  _mcb_bldc_sixstep_f28069mLaunchPad_unconfigure_interrupts  
0     003da8ac  _mcb_bldc_sixstep_f28069m_ConstB                           
0     003da87c  _mcb_bldc_sixstep_f28069m_ConstP                           
0     003d801a  _mcb_bldc_sixstep_f_Position                               
0     003da1cd  _memcpy                                                    
0     003da23a  _memset                                                    
1     0000e25e  _mySpi                                                     
1     0000e29a  _need2runFlags                                             
0     003d9ec1  _restoreTimer0Interrupt                                    
0     003d9115  _rsvd_ISR                                                  
0     003d9f60  _rtGetInf                                                  
0     003d9f79  _rtGetInfF                                                 
0     003d9f82  _rtGetMinusInf                                             
0     003d9f9b  _rtGetMinusInfF                                            
0     003da0be  _rtGetNaN                                                  
0     003da0d7  _rtGetNaNF                                                 
1     0000e280  _rtInf                                                     
1     0000e286  _rtInfF                                                    
0     003d9c4c  _rtIsInf                                                   
0     003d9c64  _rtIsInfF                                                  
0     003d9c7c  _rtIsNaN                                                   
0     003d9c9f  _rtIsNaNF                                                  
1     0000e282  _rtMinusInf                                                
1     0000e288  _rtMinusInfF                                               
1     0000e284  _rtNaN                                                     
1     0000e28a  _rtNaNF                                                    
0     003d9c24  _rt_InitInfAndNaN                                          
0     003d9b8e  _rt_OneStep                                                
1     0000e292  _runModel                                                  
0     003d9399  _scia_rcv                                                  
0     003d9419  _scia_rcv_varsize                                          
0     003d9356  _scia_xmit                                                 
0     003da08a  _sin                                                       
0     003da029  _sinf                                                      
0     003da1ac  _sqrt                                                      
0     003da030  _sqrtf                                                     
1     0000e291  _stopRequested                                             
abs   ffffffff  binit                                                      
0     003da8b6  cinit                                                      
0     003f7ff6  code_start                                                 
1     0000e000  edata                                                      
1     0000e000  end                                                        
0     003da246  etext                                                      
abs   ffffffff  pinit                                                      


GLOBAL SYMBOLS: SORTED BY Symbol Address 

page  address   name                                                       
----  -------   ----                                                       
0     00008000  _RamfuncsRunStart                                          
0     00008000  _mcb_bldc_six_CurrentControl                               
0     00008516  _InitFlash                                                 
0     00008531  _DSP28x_usDelay                                            
0     003d8000  .text                                                      
0     003d8000  ___text__                                                  
0     003d8000  _mcb_bldc_sixstep_f28069mLaunchPad_SetEventsForThisBaseStep
0     003d801a  _mcb_bldc_sixstep_f_Position                               
0     003d808c  _mcb_bldc_sixstep_BitExtract                               
0     003d80c6  _mcb_bldc_sixst_HallValueof1                               
0     003d80d0  _mcb_bldc_sixst_HallValueof2                               
0     003d80da  _mcb_bldc_sixst_HallValueof3                               
0     003d80e2  _mcb_bldc_sixst_HallValueof4                               
0     003d80ec  _mcb_bldc_sixst_HallValueof5                               
0     003d80f6  _mcb_bldc_sixst_HallValueof7                               
0     003d80fd  _mcb_bld_CurrentControl_Init                               
0     003d8267  _mcb_bl_CurrentControl_Reset                               
0     003d8271  _mcb__SPIMasterTransfer_Init                               
0     003d829a  _mcb_bldc__SPIMasterTransfer                               
0     003d82bf  _mcb__SPIMasterTransfer_Term                               
0     003d82db  _mcb_bldc__SpeedControl_Init                               
0     003d82eb  _mcb_bldc_sixst_SpeedControl                               
0     003d8488  _mcb_bldc_sixstep_f28069mLaunchPad_step0                   
0     003d84cd  _mcb_bldc_sixstep_f28069mLaunchPad_step1                   
0     003d84d2  _mcb_bldc_sixstep_f28069mLaunchPad_initialize              
0     003d8700  _mcb_bldc_sixstep_f28069mLaunchPad_terminate               
0     003d8709  _mcb_bldc_sixstep_f28069mLaunchPad_configure_interrupts    
0     003d871c  _mcb_bldc_sixstep_f28069mLaunchPad_unconfigure_interrupts  
0     003d8723  _HWI_TIC28x_ConfigureIRQ                                   
0     003d8735  _HWI_TIC28x_EnableIRQ                                      
0     003d896e  _HWI_TIC28x_DisableIRQ                                     
0     003d8bbe  _HWI_TIC28x_EnablePendingIRQ                               
0     003d8d67  _HWI_TIC28x_AcknowledgeIrq                                 
0     003d8d84  _INT13_ISR                                                 
0     003d8d8e  _INT14_ISR                                                 
0     003d8d98  _DATALOG_ISR                                               
0     003d8da2  _RTOSINT_ISR                                               
0     003d8dac  _EMUINT_ISR                                                
0     003d8db6  _NMI_ISR                                                   
0     003d8dc0  _ILLEGAL_ISR                                               
0     003d8dca  _USER1_ISR                                                 
0     003d8dd4  _USER2_ISR                                                 
0     003d8dde  _USER3_ISR                                                 
0     003d8de8  _USER4_ISR                                                 
0     003d8df2  _USER5_ISR                                                 
0     003d8dfc  _USER6_ISR                                                 
0     003d8e06  _USER7_ISR                                                 
0     003d8e10  _USER8_ISR                                                 
0     003d8e1a  _USER9_ISR                                                 
0     003d8e24  _USER10_ISR                                                
0     003d8e2e  _USER11_ISR                                                
0     003d8e38  _USER12_ISR                                                
0     003d8e42  _ADCINT1_ISR                                               
0     003d8e4c  _ADCINT2_ISR                                               
0     003d8e56  _XINT1_ISR                                                 
0     003d8e60  _XINT2_ISR                                                 
0     003d8e6a  _ADCINT9_ISR                                               
0     003d8e74  _TINT0_ISR                                                 
0     003d8e7e  _WAKEINT_ISR                                               
0     003d8e88  _EPWM1_TZINT_ISR                                           
0     003d8e92  _EPWM2_TZINT_ISR                                           
0     003d8e9c  _EPWM3_TZINT_ISR                                           
0     003d8ea6  _EPWM4_TZINT_ISR                                           
0     003d8eb0  _EPWM5_TZINT_ISR                                           
0     003d8eba  _EPWM6_TZINT_ISR                                           
0     003d8ec4  _EPWM7_TZINT_ISR                                           
0     003d8ece  _EPWM8_TZINT_ISR                                           
0     003d8ed8  _EPWM1_INT_ISR                                             
0     003d8ee2  _EPWM2_INT_ISR                                             
0     003d8eec  _EPWM3_INT_ISR                                             
0     003d8ef6  _EPWM4_INT_ISR                                             
0     003d8f00  _EPWM5_INT_ISR                                             
0     003d8f0a  _EPWM6_INT_ISR                                             
0     003d8f14  _EPWM7_INT_ISR                                             
0     003d8f1e  _EPWM8_INT_ISR                                             
0     003d8f28  _ECAP1_INT_ISR                                             
0     003d8f32  _ECAP2_INT_ISR                                             
0     003d8f3c  _ECAP3_INT_ISR                                             
0     003d8f46  _HRCAP1_INT_ISR                                            
0     003d8f50  _HRCAP2_INT_ISR                                            
0     003d8f5a  _EQEP1_INT_ISR                                             
0     003d8f64  _EQEP2_INT_ISR                                             
0     003d8f6e  _HRCAP3_INT_ISR                                            
0     003d8f78  _HRCAP4_INT_ISR                                            
0     003d8f82  _USB0_INT_ISR                                              
0     003d8f8c  _SPIRXINTA_ISR                                             
0     003d8f96  _SPITXINTA_ISR                                             
0     003d8fa0  _SPIRXINTB_ISR                                             
0     003d8faa  _SPITXINTB_ISR                                             
0     003d8fb4  _MRINTA_ISR                                                
0     003d8fbe  _MXINTA_ISR                                                
0     003d8fc8  _DINTCH1_ISR                                               
0     003d8fd2  _DINTCH2_ISR                                               
0     003d8fdc  _DINTCH3_ISR                                               
0     003d8fe6  _DINTCH4_ISR                                               
0     003d8ff0  _DINTCH5_ISR                                               
0     003d8ffa  _DINTCH6_ISR                                               
0     003d9004  _I2CINT1A_ISR                                              
0     003d900e  _I2CINT2A_ISR                                              
0     003d9018  _SCIRXINTA_ISR                                             
0     003d9022  _SCITXINTA_ISR                                             
0     003d902c  _SCIRXINTB_ISR                                             
0     003d9036  _SCITXINTB_ISR                                             
0     003d9040  _ECAN0INTA_ISR                                             
0     003d904a  _ECAN1INTA_ISR                                             
0     003d9054  _ADCINT3_ISR                                               
0     003d905e  _ADCINT4_ISR                                               
0     003d9068  _ADCINT5_ISR                                               
0     003d9072  _ADCINT6_ISR                                               
0     003d907c  _ADCINT7_ISR                                               
0     003d9086  _ADCINT8_ISR                                               
0     003d9090  _CLA1_INT1_ISR                                             
0     003d909a  _CLA1_INT2_ISR                                             
0     003d90a4  _CLA1_INT3_ISR                                             
0     003d90ae  _CLA1_INT4_ISR                                             
0     003d90b8  _CLA1_INT5_ISR                                             
0     003d90c2  _CLA1_INT6_ISR                                             
0     003d90cc  _CLA1_INT7_ISR                                             
0     003d90d6  _CLA1_INT8_ISR                                             
0     003d90e0  _XINT3_ISR                                                 
0     003d90ea  _LVF_ISR                                                   
0     003d90f4  _LUF_ISR                                                   
0     003d90fe  _EMPTY_ISR                                                 
0     003d910b  _PIE_RESERVED                                              
0     003d9115  _rsvd_ISR                                                  
0     003d911f  _InitAdc                                                   
0     003d9148  _InitAdcAio                                                
0     003d916a  _AdcOffsetSelfCal                                          
0     003d9191  _AdcChanSelect                                             
0     003d9206  _AdcConversion                                             
0     003d9356  _scia_xmit                                                 
0     003d9399  _scia_rcv                                                  
0     003d9419  _scia_rcv_varsize                                          
0     003d94e2  _init_SCIFrame                                             
0     003d94ea  _InitSysCtrl                                               
0     003d9504  _ServiceDog                                                
0     003d950e  _DisableDog                                                
0     003d9516  _InitPll                                                   
0     003d956a  _InitPll2                                                  
0     003d9598  _InitPeripheralClocks                                      
0     003d95ee  _CsmUnlock                                                 
0     003d961f  _IntOsc1Sel                                                
0     003d962f  _IntOsc2Sel                                                
0     003d9643  _XtalOscSel                                                
0     003d965e  _ExtOscSel                                                 
0     003d9674  _OneTimeGpioInit                                           
0     003d967f  _InitGpio                                                  
0     003d96ac  _GPIO_SetupPinMux                                          
0     003d96ea  _GPIO_SetupPinOptions                                      
0     003d975f  _GPIO_ReadPin                                              
0     003d9776  _GPIO_WritePin                                             
0     003d9794  _GPIO_TogglePin                                            
0     003d97ab  _Set_GPIOPin                                               
0     003d97b9  _ADCINT1                                                   
0     003d9835  _SCIRXINTA                                                 
0     003d98e8  _SPI_init                                                  
0     003d999f  _SPI_clockFormat                                           
0     003d99ba  _SPI_status                                                
0     003d9a04  _MW_SPI_Open                                               
0     003d9a1a  _MW_SPI_SetFormat                                          
0     003d9a69  _MW_SPI_SetBusSpeed                                        
0     003d9a6f  _MW_SPI_SetSlaveSelect                                     
0     003d9a76  _MW_SPI_MasterWriteRead_8bits                              
0     003d9abf  _MW_SPI_SlaveWriteRead_8bits                               
0     003d9ac6  _MW_SPI_GetStatus                                          
0     003d9acb  _MW_SPI_Close                                              
0     003d9ad0  _config_ADC_SOC4_SOC5                                      
0     003d9afb  _config_ADC_SOC3                                           
0     003d9b28  _config_ADC_SOC0_SOC1                                      
0     003d9b56  _config_ADC_SOC2                                           
0     003d9b8e  _rt_OneStep                                                
0     003d9bd3  _main                                                      
0     003d9c24  _rt_InitInfAndNaN                                          
0     003d9c4c  _rtIsInf                                                   
0     003d9c64  _rtIsInfF                                                  
0     003d9c7c  _rtIsNaN                                                   
0     003d9c9f  _rtIsNaNF                                                  
0     003d9cb6  _InitCpuTimers                                             
0     003d9cf1  _ConfigCpuTimer                                            
0     003d9d2c  _floor                                                     
0     003d9d2c  _floorf                                                    
0     003d9d85  _c_int00                                                   
0     003d9ddb  _disableWatchdog                                           
0     003d9de6  _init_SCI                                                  
0     003d9e1b  _init_SCI_GPIO                                             
0     003d9e2f  _atan2                                                     
0     003d9e7e  _configureTimer0                                           
0     003d9ea3  _enableTimer0Interrupt                                     
0     003d9eab  _disableTimer0Interrupt                                    
0     003d9ec1  _restoreTimer0Interrupt                                    
0     003d9ecc  _TINT0_isr                                                 
0     003d9f16  _atan                                                      
0     003d9f60  _rtGetInf                                                  
0     003d9f79  _rtGetInfF                                                 
0     003d9f82  _rtGetMinusInf                                             
0     003d9f9b  _rtGetMinusInfF                                            
0     003d9fa4  _init_board                                                
0     003d9fe7  _config_QEP_eQEP1                                          
0     003da022  _cosf                                                      
0     003da029  _sinf                                                      
0     003da030  _sqrtf                                                     
0     003da037  _atanf                                                     
0     003da03e  _atan2f                                                    
0     003da047  _c2000_flash_init                                          
0     003da056  _cos                                                       
0     003da08a  _sin                                                       
0     003da0be  _rtGetNaN                                                  
0     003da0d7  _rtGetNaNF                                                 
0     003da0e8  _config_ePWM_GPIO                                          
0     003da108  _config_ePWM_TBSync                                        
0     003da110  _config_ePWMSyncSource                                     
0     003da111  C$$EXIT                                                    
0     003da111  _abort                                                     
0     003da113  _exit                                                      
0     003da13a  _InitPieCtrl                                               
0     003da159  _EnableInterrupts                                          
0     003da162  _InitPieVectTable                                          
0     003da188  _copy_in                                                   
0     003da1ac  _sqrt                                                      
0     003da1cd  _memcpy                                                    
0     003da1ea  FS$$DIV                                                    
0     003da203  _globalInterruptEnable                                     
0     003da20f  _globalInterruptDisable                                    
0     003da217  __args_main                                                
0     003da229  __register_unlock                                          
0     003da22d  __register_lock                                            
0     003da231  __nop                                                      
0     003da23a  _memset                                                    
0     003da241  _bootloaderBackgroundTask                                  
0     003da242  _bootloaderInit                                            
0     003da243  __system_pre_init                                          
0     003da245  __system_post_cinit                                        
0     003da246  _RamfuncsLoadStart                                         
0     003da246  ___etext__                                                 
0     003da246  etext                                                      
0     003da77b  _RamfuncsLoadEnd                                           
0     003da77c  _PieVectTableInit                                          
0     003da87c  _mcb_bldc_sixstep_f28069m_ConstP                           
0     003da8ac  _mcb_bldc_sixstep_f28069m_ConstB                           
0     003da8b2  _mcb_bldc_sixstep_f28069mLaun_M                            
0     003da8b6  ___cinit__                                                 
0     003da8b6  cinit                                                      
0     003f7ff6  code_start                                                 
0     003fd590  _FPUsinTable                                               
0     003fd690  _FPUcosTable                                               
0     003fd990  _FPUsinTableEnd                                            
0     003fda92  _FPUatan2HalfPITable                                       
0     003fda92  _FPUcosTableEnd                                            
0     003fda96  _FPUatan2Table                                             
0     003fdc1c  _FPUatan2TableEnd                                          
1     00000002  __stack                                                    
1     00000402  __STACK_END                                                
1     00000880  _DevEmuRegs                                                
1     00000985  _SysPwrCtrlRegs                                            
1     00000a80  _FlashRegs                                                 
1     00000ae0  _CsmRegs                                                   
1     00000b00  _AdcResult                                                 
1     00000c00  _CpuTimer0Regs                                             
1     00000c08  _CpuTimer1Regs                                             
1     00000c10  _CpuTimer2Regs                                             
1     00000ce0  _PieCtrlRegs                                               
1     00000d00  _EmuKey                                                    
1     00000d00  _PieVectTable                                              
1     00000d01  _EmuBMode                                                  
1     00000d02  _Flash_CallbackPtr                                         
1     00000d04  _Flash_CPUScaleFactor                                      
1     00001000  _DmaRegs                                                   
1     00001400  _Cla1Regs                                                  
1     00004000  _Usb0Regs                                                  
1     00005000  _McbspaRegs                                                
1     00006000  _ECanaRegs                                                 
1     00006040  _ECanaLAMRegs                                              
1     00006080  _ECanaMOTSRegs                                             
1     000060c0  _ECanaMOTORegs                                             
1     00006100  _ECanaMboxes                                               
1     00006400  _Comp1Regs                                                 
1     00006420  _Comp2Regs                                                 
1     00006440  _Comp3Regs                                                 
1     00006800  _EPwm1Regs                                                 
1     00006840  _EPwm2Regs                                                 
1     00006880  _EPwm3Regs                                                 
1     000068c0  _EPwm4Regs                                                 
1     00006900  _EPwm5Regs                                                 
1     00006940  _EPwm6Regs                                                 
1     00006980  _EPwm7Regs                                                 
1     000069c0  _EPwm8Regs                                                 
1     00006a00  _ECap1Regs                                                 
1     00006a20  _ECap2Regs                                                 
1     00006a40  _ECap3Regs                                                 
1     00006ac0  _HRCap1Regs                                                
1     00006ae0  _HRCap2Regs                                                
1     00006b00  _EQep1Regs                                                 
1     00006b40  _EQep2Regs                                                 
1     00006c80  _HRCap3Regs                                                
1     00006ca0  _HRCap4Regs                                                
1     00006f80  _GpioCtrlRegs                                              
1     00006fc0  _GpioDataRegs                                              
1     00006fe0  _GpioIntRegs                                               
1     00007010  _SysCtrlRegs                                               
1     00007040  _SpiaRegs                                                  
1     00007050  _SciaRegs                                                  
1     00007060  _NmiIntruptRegs                                            
1     00007070  _XIntruptRegs                                              
1     00007100  _AdcRegs                                                   
1     00007740  _SpibRegs                                                  
1     00007750  _ScibRegs                                                  
1     00007900  _I2caRegs                                                  
1     0000e000  .bss                                                       
1     0000e000  .data                                                      
1     0000e000  ___bss__                                                   
1     0000e000  ___data__                                                  
1     0000e000  ___edata__                                                 
1     0000e000  ___end__                                                   
1     0000e000  _mcb_bldc_sixstep_PrevZCSigState                           
1     0000e000  edata                                                      
1     0000e000  end                                                        
1     0000e001  _MW_adcInitFlag                                            
1     0000e040  _mcb_bldc_sixstep_f28069mL_DWork                           
1     0000e0c0  _mcb_bldc_sixstep_f28069mLaunc_B                           
1     0000e246  _CpuTimer0                                                 
1     0000e24e  _CpuTimer1                                                 
1     0000e256  _CpuTimer2                                                 
1     0000e25e  _mySpi                                                     
1     0000e276  ___TI_enable_exit_profile_output                           
1     0000e278  ___TI_cleanup_ptr                                          
1     0000e27a  ___TI_dtors_ptr                                            
1     0000e27c  _checkSCITransmitInProgressA                               
1     0000e27d  _frameA1Transmitted                                        
1     0000e27e  _frameA1Count                                              
1     0000e280  _rtInf                                                     
1     0000e282  _rtMinusInf                                                
1     0000e284  _rtNaN                                                     
1     0000e286  _rtInfF                                                    
1     0000e288  _rtMinusInfF                                               
1     0000e28a  _rtNaNF                                                    
1     0000e28c  _SPI_oneTimeInit                                           
1     0000e290  _IsrOverrun                                                
1     0000e291  _stopRequested                                             
1     0000e292  _runModel                                                  
1     0000e293  _GPIO_oneTimeInit                                          
1     0000e294  __lock                                                     
1     0000e296  __unlock                                                   
1     0000e298  _isRateRunning                                             
1     0000e29a  _need2runFlags                                             
1     0000e29c  _MW_InterruptDisableLock                                   
1     003d7e80  _PartIdRegs                                                
1     003f7ff8  _CsmPwl                                                    
abs   00000400  __STACK_SIZE                                               
abs   ffffffff  ___TI_pprof_out_hndl                                       
abs   ffffffff  ___TI_prof_data_size                                       
abs   ffffffff  ___TI_prof_data_start                                      
abs   ffffffff  ___binit__                                                 
abs   ffffffff  ___c_args__                                                
abs   ffffffff  ___pinit__                                                 
abs   ffffffff  binit                                                      
abs   ffffffff  pinit                                                      

[356 symbols]
